[debug] [2026-03-31T11:13:37.343Z] ----------------------------------------------------------------------
[debug] [2026-03-31T11:13:37.346Z] Command:       C:\Program Files\nodejs\node.exe C:\Users\Kalr Anthony\AppData\Roaming\npm\node_modules\firebase-tools\lib\bin\firebase.js init
[debug] [2026-03-31T11:13:37.346Z] CLI Version:   15.7.0
[debug] [2026-03-31T11:13:37.346Z] Platform:      win32
[debug] [2026-03-31T11:13:37.346Z] Node Version:  v24.14.1
[debug] [2026-03-31T11:13:37.347Z] Time:          Tue Mar 31 2026 19:13:37 GMT+0800 (Singapore Standard Time)
[debug] [2026-03-31T11:13:37.347Z] ----------------------------------------------------------------------
[debug] 
[info] 
     ######## #### ########  ######## ########     ###     ######  ########
     ##        ##  ##     ## ##       ##     ##  ##   ##  ##       ##
     ######    ##  ########  ######   ########  #########  ######  ######
     ##        ##  ##    ##  ##       ##     ## ##     ##       ## ##
     ##       #### ##     ## ######## ########  ##     ##  ######  ########

You're about to initialize a Firebase project in this directory:

  C:\Users\Kalr Anthony\pyxis-project - Copy

[info] 
=== Project Setup
[info] 
[info] First, let's associate this project directory with a Firebase project.
[info] You can create multiple project aliases by running firebase use --add, 
[info] 
[debug] [2026-03-31T11:13:52.361Z] > command requires scopes: ["email","openid","https://www.googleapis.com/auth/cloudplatformprojects.readonly","https://www.googleapis.com/auth/firebase","https://www.googleapis.com/auth/cloud-platform"]
[debug] [2026-03-31T11:13:52.361Z] > authorizing via signed-in user (karlanthonysim11@gmail.com)
[debug] [2026-03-31T11:13:52.362Z] Checked if tokens are valid: true, expires at: 1774957675241
[debug] [2026-03-31T11:13:52.363Z] Checked if tokens are valid: true, expires at: 1774957675241
[debug] [2026-03-31T11:13:52.364Z] >>> [apiv2][query] GET https://firebase.googleapis.com/v1beta1/projects/pyxis-bhc-b05d0 [none]
[debug] [2026-03-31T11:13:53.044Z] <<< [apiv2][status] GET https://firebase.googleapis.com/v1beta1/projects/pyxis-bhc-b05d0 403
[debug] [2026-03-31T11:13:53.045Z] <<< [apiv2][body] GET https://firebase.googleapis.com/v1beta1/projects/pyxis-bhc-b05d0 {"error":{"code":403,"message":"The caller does not have permission","status":"PERMISSION_DENIED"}}
[debug] [2026-03-31T11:13:53.046Z] Request to https://firebase.googleapis.com/v1beta1/projects/pyxis-bhc-b05d0 had HTTP Error: 403, The caller does not have permission
[debug] [2026-03-31T11:13:53.275Z] FirebaseError: Request to https://firebase.googleapis.com/v1beta1/projects/pyxis-bhc-b05d0 had HTTP Error: 403, The caller does not have permission
    at responseToError (C:\Users\Kalr Anthony\AppData\Roaming\npm\node_modules\firebase-tools\lib\responseToError.js:53:12)
    at RetryOperation._fn (C:\Users\Kalr Anthony\AppData\Roaming\npm\node_modules\firebase-tools\lib\apiv2.js:330:77)
    at process.processTicksAndRejections (node:internal/process/task_queues:104:5)
[error] 
[error] Error: Failed to get Firebase project pyxis-bhc-b05d0. Please make sure the project exists and your account has permission to access it.
[debug] [2026-03-31T11:14:07.748Z] ----------------------------------------------------------------------
[debug] [2026-03-31T11:14:07.750Z] Command:       C:\Program Files\nodejs\node.exe C:\Users\Kalr Anthony\AppData\Roaming\npm\node_modules\firebase-tools\lib\bin\firebase.js init
[debug] [2026-03-31T11:14:07.751Z] CLI Version:   15.7.0
[debug] [2026-03-31T11:14:07.751Z] Platform:      win32
[debug] [2026-03-31T11:14:07.751Z] Node Version:  v24.14.1
[debug] [2026-03-31T11:14:07.751Z] Time:          Tue Mar 31 2026 19:14:07 GMT+0800 (Singapore Standard Time)
[debug] [2026-03-31T11:14:07.751Z] ----------------------------------------------------------------------
[debug] 
[info] 
     ######## #### ########  ######## ########     ###     ######  ########
     ##        ##  ##     ## ##       ##     ##  ##   ##  ##       ##
     ######    ##  ########  ######   ########  #########  ######  ######
     ##        ##  ##    ##  ##       ##     ## ##     ##       ## ##
     ##       #### ##     ## ######## ########  ##     ##  ######  ########

You're about to initialize a Firebase project in this directory:

  C:\Users\Kalr Anthony\pyxis-project - Copy

[info] 
=== Project Setup
[info] 
[info] First, let's associate this project directory with a Firebase project.
[info] You can create multiple project aliases by running firebase use --add, 
[info] 
[debug] [2026-03-31T11:14:26.365Z] > command requires scopes: ["email","openid","https://www.googleapis.com/auth/cloudplatformprojects.readonly","https://www.googleapis.com/auth/firebase","https://www.googleapis.com/auth/cloud-platform"]
[debug] [2026-03-31T11:14:26.365Z] > authorizing via signed-in user (karlanthonysim11@gmail.com)
[debug] [2026-03-31T11:14:26.366Z] Checked if tokens are valid: true, expires at: 1774957675241
[debug] [2026-03-31T11:14:26.366Z] Checked if tokens are valid: true, expires at: 1774957675241
[debug] [2026-03-31T11:14:26.367Z] >>> [apiv2][query] GET https://firebase.googleapis.com/v1beta1/projects/pyxis-bhc-b05d0 [none]
[debug] [2026-03-31T11:14:27.035Z] <<< [apiv2][status] GET https://firebase.googleapis.com/v1beta1/projects/pyxis-bhc-b05d0 403
[debug] [2026-03-31T11:14:27.035Z] <<< [apiv2][body] GET https://firebase.googleapis.com/v1beta1/projects/pyxis-bhc-b05d0 {"error":{"code":403,"message":"The caller does not have permission","status":"PERMISSION_DENIED"}}
[debug] [2026-03-31T11:14:27.035Z] Request to https://firebase.googleapis.com/v1beta1/projects/pyxis-bhc-b05d0 had HTTP Error: 403, The caller does not have permission
[debug] [2026-03-31T11:14:27.261Z] FirebaseError: Request to https://firebase.googleapis.com/v1beta1/projects/pyxis-bhc-b05d0 had HTTP Error: 403, The caller does not have permission
    at responseToError (C:\Users\Kalr Anthony\AppData\Roaming\npm\node_modules\firebase-tools\lib\responseToError.js:53:12)
    at RetryOperation._fn (C:\Users\Kalr Anthony\AppData\Roaming\npm\node_modules\firebase-tools\lib\apiv2.js:330:77)
    at process.processTicksAndRejections (node:internal/process/task_queues:104:5)
[error] 
[error] Error: Failed to get Firebase project pyxis-bhc-b05d0. Please make sure the project exists and your account has permission to access it.
